[    0.000000] Initializing cgroup subsys cpuset
[    0.000000] Initializing cgroup subsys cpu
[    0.000000] Initializing cgroup subsys cpuacct
[    0.000000] Linux version 4.4.0-165-generic (buildd@lgw01-amd64-027) (gcc version 5.4.0 20160609 (Ubuntu 5.4.0-6ubuntu1~16.04.10) ) #193-Ubuntu SMP Tue Sep 17 17:42:52 UTC 2019 (Ubuntu 4.4.0-165.193-generic 4.4.189)
[    0.000000] Command line: BOOT_IMAGE=/boot/vmlinuz-4.4.0-165-generic root=LABEL=cloudimg-rootfs ro console=tty1 console=ttyS0
[    0.000000] KERNEL supported cpus:
[    0.000000]   Intel GenuineIntel
[    0.000000]   AMD AuthenticAMD
[    0.000000]   Centaur CentaurHauls
[    0.000000] x86/fpu: xstate_offset[2]:  576, xstate_sizes[2]:  256
[    0.000000] x86/fpu: Supporting XSAVE feature 0x01: 'x87 floating point registers'
[    0.000000] x86/fpu: Supporting XSAVE feature 0x02: 'SSE registers'
[    0.000000] x86/fpu: Supporting XSAVE feature 0x04: 'AVX registers'
[    0.000000] x86/fpu: Enabled xstate features 0x7, context size is 832 bytes, using 'standard' format.
[    0.000000] e820: BIOS-provided physical RAM map:
[    0.000000] BIOS-e820: [mem 0x0000000000000000-0x000000000009fbff] usable
[    0.000000] BIOS-e820: [mem 0x000000000009fc00-0x000000000009ffff] reserved
[    0.000000] BIOS-e820: [mem 0x00000000000f0000-0x00000000000fffff] reserved
[    0.000000] BIOS-e820: [mem 0x0000000000100000-0x000000007ffeffff] usable
[    0.000000] BIOS-e820: [mem 0x000000007fff0000-0x000000007fffffff] ACPI data
[    0.000000] BIOS-e820: [mem 0x00000000fec00000-0x00000000fec00fff] reserved
[    0.000000] BIOS-e820: [mem 0x00000000fee00000-0x00000000fee00fff] reserved
[    0.000000] BIOS-e820: [mem 0x00000000fffc0000-0x00000000ffffffff] reserved
[    0.000000] NX (Execute Disable) protection: active
[    0.000000] SMBIOS 2.5 present.
[    0.000000] Hypervisor detected: KVM
[    0.000000] e820: last_pfn = 0x7fff0 max_arch_pfn = 0x400000000
[    0.000000] MTRR: Disabled
[    0.000000] x86/PAT: MTRRs disabled, skipping PAT initialization too.
[    0.000000] CPU MTRRs all blank - virtualized system.
[    0.000000] x86/PAT: Configuration [0-7]: WB  WT  UC- UC  WB  WT  UC- UC  
[    0.000000] found SMP MP-table at [mem 0x0009fff0-0x0009ffff] mapped at [ffff88000009fff0]
[    0.000000] Scanning 1 areas for low memory corruption
[    0.000000] RAMDISK: [mem 0x362fa000-0x37174fff]
[    0.000000] ACPI: Early table checksum verification disabled
[    0.000000] ACPI: RSDP 0x00000000000E0000 000024 (v02 VBOX  )
[    0.000000] ACPI: XSDT 0x000000007FFF0030 00003C (v01 VBOX   VBOXXSDT 00000001 ASL  00000061)
[    0.000000] ACPI: FACP 0x000000007FFF00F0 0000F4 (v04 VBOX   VBOXFACP 00000001 ASL  00000061)
[    0.000000] ACPI: DSDT 0x000000007FFF0470 0022EA (v02 VBOX   VBOXBIOS 00000002 INTL 20180105)
[    0.000000] ACPI: FACS 0x000000007FFF0200 000040
[    0.000000] ACPI: FACS 0x000000007FFF0200 000040
[    0.000000] ACPI: APIC 0x000000007FFF0240 00005C (v02 VBOX   VBOXAPIC 00000001 ASL  00000061)
[    0.000000] ACPI: SSDT 0x000000007FFF02A0 0001CC (v01 VBOX   VBOXCPUT 00000002 INTL 20180105)
[    0.000000] No NUMA configuration found
[    0.000000] Faking a node at [mem 0x0000000000000000-0x000000007ffeffff]
[    0.000000] NODE_DATA(0) allocated [mem 0x7ffeb000-0x7ffeffff]
[    0.000000] kvm-clock: Using msrs 4b564d01 and 4b564d00
[    0.000000] kvm-clock: cpu 0, msr 0:7ffe3001, primary cpu clock
[    0.000000] kvm-clock: using sched offset of 3397095020 cycles
[    0.000000] clocksource: kvm-clock: mask: 0xffffffffffffffff max_cycles: 0x1cd42e4dffb, max_idle_ns: 881590591483 ns
[    0.000000] Zone ranges:
[    0.000000]   DMA      [mem 0x0000000000001000-0x0000000000ffffff]
[    0.000000]   DMA32    [mem 0x0000000001000000-0x000000007ffeffff]
[    0.000000]   Normal   empty
[    0.000000]   Device   empty
[    0.000000] Movable zone start for each node
[    0.000000] Early memory node ranges
[    0.000000]   node   0: [mem 0x0000000000001000-0x000000000009efff]
[    0.000000]   node   0: [mem 0x0000000000100000-0x000000007ffeffff]
[    0.000000] Initmem setup node 0 [mem 0x0000000000001000-0x000000007ffeffff]
[    0.000000] ACPI: PM-Timer IO Port: 0x4008
[    0.000000] IOAPIC[0]: apic_id 2, version 32, address 0xfec00000, GSI 0-23
[    0.000000] ACPI: INT_SRC_OVR (bus 0 bus_irq 0 global_irq 2 dfl dfl)
[    0.000000] ACPI: INT_SRC_OVR (bus 0 bus_irq 9 global_irq 9 low level)
[    0.000000] Using ACPI (MADT) for SMP configuration information
[    0.000000] smpboot: Allowing 2 CPUs, 0 hotplug CPUs
[    0.000000] PM: Registered nosave memory: [mem 0x00000000-0x00000fff]
[    0.000000] PM: Registered nosave memory: [mem 0x0009f000-0x0009ffff]
[    0.000000] PM: Registered nosave memory: [mem 0x000a0000-0x000effff]
[    0.000000] PM: Registered nosave memory: [mem 0x000f0000-0x000fffff]
[    0.000000] e820: [mem 0x80000000-0xfebfffff] available for PCI devices
[    0.000000] Booting paravirtualized kernel on KVM
[    0.000000] clocksource: refined-jiffies: mask: 0xffffffff max_cycles: 0xffffffff, max_idle_ns: 7645519600211568 ns
[    0.000000] setup_percpu: NR_CPUS:512 nr_cpumask_bits:512 nr_cpu_ids:2 nr_node_ids:1
[    0.000000] PERCPU: Embedded 34 pages/cpu @ffff88007fc00000 s99544 r8192 d31528 u1048576
[    0.000000] Built 1 zonelists in Node order, mobility grouping on.  Total pages: 515960
[    0.000000] Policy zone: DMA32
[    0.000000] Kernel command line: BOOT_IMAGE=/boot/vmlinuz-4.4.0-165-generic root=LABEL=cloudimg-rootfs ro console=tty1 console=ttyS0
[    0.000000] PID hash table entries: 4096 (order: 3, 32768 bytes)
[    0.000000] Memory: 2029924K/2096696K available (8621K kernel code, 1335K rwdata, 4032K rodata, 1484K init, 1284K bss, 66772K reserved, 0K cma-reserved)
[    0.000000] SLUB: HWalign=64, Order=0-3, MinObjects=0, CPUs=2, Nodes=1
[    0.000000] Kernel/User page tables isolation: enabled
[    0.000000] Hierarchical RCU implementation.
[    0.000000] 	Build-time adjustment of leaf fanout to 64.
[    0.000000] 	RCU restricting CPUs from NR_CPUS=512 to nr_cpu_ids=2.
[    0.000000] RCU: Adjusting geometry for rcu_fanout_leaf=64, nr_cpu_ids=2
[    0.000000] NR_IRQS:33024 nr_irqs:440 16
[    0.000000] Console: colour VGA+ 80x25
[    0.000000] console [tty1] enabled
[    0.000000] console [ttyS0] enabled
[    0.000000] tsc: Detected 1799.999 MHz processor
[    0.234810] Calibrating delay loop (skipped) preset value.. 3599.99 BogoMIPS (lpj=7199996)
[    0.238002] pid_max: default: 32768 minimum: 301
[    0.239760] ACPI: Core revision 20150930
[    0.243105] ACPI: 2 ACPI AML tables successfully acquired and loaded
[    0.245828] Security Framework initialized
[    0.247426] Yama: becoming mindful.
[    0.248850] AppArmor: AppArmor initialized
[    0.251418] Dentry cache hash table entries: 262144 (order: 9, 2097152 bytes)
[    0.254219] Inode-cache hash table entries: 131072 (order: 8, 1048576 bytes)
[    0.257802] Mount-cache hash table entries: 4096 (order: 3, 32768 bytes)
[    0.259906] Mountpoint-cache hash table entries: 4096 (order: 3, 32768 bytes)
[    0.262391] Initializing cgroup subsys io
[    0.263870] Initializing cgroup subsys memory
[    0.265385] Initializing cgroup subsys devices
[    0.266495] Initializing cgroup subsys freezer
[    0.267653] Initializing cgroup subsys net_cls
[    0.268812] Initializing cgroup subsys perf_event
[    0.270014] Initializing cgroup subsys net_prio
[    0.271160] Initializing cgroup subsys hugetlb
[    0.272322] Initializing cgroup subsys pids
[    0.274943] mce: CPU supports 0 MCE banks
[    0.276118] Last level iTLB entries: 4KB 64, 2MB 8, 4MB 8
[    0.278055] Last level dTLB entries: 4KB 64, 2MB 0, 4MB 0, 1GB 4
[    0.280011] Spectre V1 : Mitigation: usercopy/swapgs barriers and __user pointer sanitization
[    0.282967] Spectre V2 : Mitigation: Full generic retpoline
[    0.284806] Spectre V2 : Spectre v2 / SpectreRSB mitigation: Filling RSB on context switch
[    0.287437] Speculative Store Bypass: Vulnerable
[    0.288753] MDS: Vulnerable: Clear CPU buffers attempted, no microcode
[    0.294013] Freeing SMP alternatives memory: 36K
[    0.302766] ftrace: allocating 32318 entries in 127 pages
[    0.384043] smpboot: APIC(0) Converting physical 0 to logical package 0
[    0.385686] smpboot: Max logical packages: 1
[    0.387102] x2apic enabled
[    0.388230] Switched APIC routing to physical x2apic.
[    0.391310] ..TIMER: vector=0x30 apic1=0 pin1=2 apic2=-1 pin2=-1
[    0.500466] smpboot: CPU0: Intel(R) Core(TM) i5-8250U CPU @ 1.60GHz (family: 0x6, model: 0x8e, stepping: 0xa)
[    0.503943] Performance Events: unsupported p6 CPU model 142 no PMU driver, software events only.
[    0.522788] KVM setup paravirtual spinlock
[    0.526031] x86: Booting SMP configuration:
[    0.527396] .... node  #0, CPUs:      #1
[    0.528800] kvm-clock: cpu 1, msr 0:7ffe3041, secondary cpu clock
[    0.531852] mce: CPU supports 0 MCE banks
[    0.535288] x86: Booted up 1 node, 2 CPUs
[    0.537232] smpboot: Total of 2 processors activated (7199.99 BogoMIPS)
[    0.539739] devtmpfs: initialized
[    0.543268] evm: security.selinux
[    0.544482] evm: security.SMACK64
[    0.545621] evm: security.SMACK64EXEC
[    0.546830] evm: security.SMACK64TRANSMUTE
[    0.548166] evm: security.SMACK64MMAP
[    0.549387] evm: security.ima
[    0.550424] evm: security.capability
[    0.551882] clocksource: jiffies: mask: 0xffffffff max_cycles: 0xffffffff, max_idle_ns: 7645041785100000 ns
[    0.554784] futex hash table entries: 512 (order: 3, 32768 bytes)
[    0.557901] pinctrl core: initialized pinctrl subsystem
[    0.559939] RTC time:  7:07:59, date: 10/13/19
[    0.561970] NET: Registered protocol family 16
[    0.572328] cpuidle: using governor ladder
[    0.584538] cpuidle: using governor menu
[    0.586156] PCCT header not found.
[    0.587638] ACPI: bus type PCI registered
[    0.589370] acpiphp: ACPI Hot Plug PCI Controller Driver version: 0.5
[    0.591511] PCI: Using configuration type 1 for base access
[    0.608048] ACPI: Added _OSI(Module Device)
[    0.609537] ACPI: Added _OSI(Processor Device)
[    0.610817] ACPI: Added _OSI(3.0 _SCP Extensions)
[    0.612158] ACPI: Added _OSI(Processor Aggregator Device)
[    0.614797] ACPI: Executed 1 blocks of module-level executable AML code
[    0.619826] ACPI: Interpreter enabled
[    0.621138] ACPI: (supports S0 S5)
[    0.622323] ACPI: Using IOAPIC for interrupt routing
[    0.624088] PCI: Using host bridge windows from ACPI; if necessary, use "pci=nocrs" and report a bug
[    0.631803] ACPI: PCI Root Bridge [PCI0] (domain 0000 [bus 00-ff])
[    0.633430] acpi PNP0A03:00: _OSC: OS supports [ASPM ClockPM Segments MSI]
[    0.635501] acpi PNP0A03:00: _OSC: not requesting OS control; OS requires [ExtendedConfig ASPM ClockPM MSI]
[    0.638100] acpi PNP0A03:00: fail to add MMCONFIG information, can't access extended PCI configuration space under this bridge.
[    0.641404] PCI host bridge to bus 0000:00
[    0.642553] pci_bus 0000:00: root bus resource [io  0x0000-0x0cf7 window]
[    0.644255] pci_bus 0000:00: root bus resource [io  0x0d00-0xffff window]
[    0.646100] pci_bus 0000:00: root bus resource [mem 0x000a0000-0x000bffff window]
[    0.648281] pci_bus 0000:00: root bus resource [mem 0x80000000-0xfdffffff window]
[    0.651007] pci_bus 0000:00: root bus resource [bus 00-ff]
[    0.655024] pci 0000:00:01.1: legacy IDE quirk: reg 0x10: [io  0x01f0-0x01f7]
[    0.656765] pci 0000:00:01.1: legacy IDE quirk: reg 0x14: [io  0x03f6]
[    0.658692] pci 0000:00:01.1: legacy IDE quirk: reg 0x18: [io  0x0170-0x0177]
[    0.660519] pci 0000:00:01.1: legacy IDE quirk: reg 0x1c: [io  0x0376]
[    0.710782] pci 0000:00:07.0: quirk: [io  0x4000-0x403f] claimed by PIIX4 ACPI
[    0.713505] pci 0000:00:07.0: quirk: [io  0x4100-0x410f] claimed by PIIX4 SMB
[    0.734189] ACPI: PCI Interrupt Link [LNKA] (IRQs 5 9 10 *11)
[    0.737031] ACPI: PCI Interrupt Link [LNKB] (IRQs 5 9 *10 11)
[    0.739340] ACPI: PCI Interrupt Link [LNKC] (IRQs 5 *9 10 11)
[    0.741611] ACPI: PCI Interrupt Link [LNKD] (IRQs 5 9 10 *11)
[    0.744262] ACPI: Enabled 2 GPEs in block 00 to 07
[    0.748315] vgaarb: setting as boot device: PCI:0000:00:02.0
[    0.750503] vgaarb: device added: PCI:0000:00:02.0,decodes=io+mem,owns=io+mem,locks=none
[    0.753330] vgaarb: loaded
[    0.754371] vgaarb: bridge control possible 0000:00:02.0
[    0.756576] SCSI subsystem initialized
[    0.758163] ACPI: bus type USB registered
[    0.759980] usbcore: registered new interface driver usbfs
[    0.761766] usbcore: registered new interface driver hub
[    0.763232] usbcore: registered new device driver usb
[    0.765016] PCI: Using ACPI for IRQ routing
[    0.767010] NetLabel: Initializing
[    0.768248] NetLabel:  domain hash size = 128
[    0.769687] NetLabel:  protocols = UNLABELED CIPSOv4
[    0.771392] NetLabel:  unlabeled traffic allowed by default
[    0.773170] amd_nb: Cannot enumerate AMD northbridges
[    0.774663] clocksource: Switched to clocksource kvm-clock
[    0.785017] AppArmor: AppArmor Filesystem Enabled
[    0.786484] pnp: PnP ACPI init
[    0.788624] pnp: PnP ACPI: found 3 devices
[    0.803045] clocksource: acpi_pm: mask: 0xffffff max_cycles: 0xffffff, max_idle_ns: 2085701024 ns
[    0.806371] NET: Registered protocol family 2
[    0.808231] TCP established hash table entries: 16384 (order: 5, 131072 bytes)
[    0.811039] TCP bind hash table entries: 16384 (order: 6, 262144 bytes)
[    0.813203] TCP: Hash tables configured (established 16384 bind 16384)
[    0.815299] UDP hash table entries: 1024 (order: 3, 32768 bytes)
[    0.817338] UDP-Lite hash table entries: 1024 (order: 3, 32768 bytes)
[    0.819871] NET: Registered protocol family 1
[    0.821512] pci 0000:00:00.0: Limiting direct PCI/PCI transfers
[    0.823568] pci 0000:00:01.0: Activating ISA DMA hang workarounds
[    0.825824] Unpacking initramfs...
[    1.137955] Freeing initrd memory: 14828K
[    1.139675] clocksource: tsc: mask: 0xffffffffffffffff max_cycles: 0x19f228ab7a2, max_idle_ns: 440795289252 ns
[    1.143204] platform rtc_cmos: registered platform RTC device (no PNP device found)
[    1.146028] Scanning for low memory corruption every 60 seconds
[    1.148874] audit: initializing netlink subsys (disabled)
[    1.150970] audit: type=2000 audit(1570950485.249:1): initialized
[    1.153639] Initialise system trusted keyring
[    1.155669] HugeTLB registered 2 MB page size, pre-allocated 0 pages
[    1.160461] zbud: loaded
[    1.162571] VFS: Disk quotas dquot_6.6.0
[    1.164273] VFS: Dquot-cache hash table entries: 512 (order 0, 4096 bytes)
[    1.167241] squashfs: version 4.0 (2009/01/31) Phillip Lougher
[    1.169999] fuse init (API version 7.23)
[    1.171820] Key type big_key registered
[    1.173362] Allocating IMA MOK and blacklist keyrings.
[    1.178815] Key type asymmetric registered
[    1.180292] Asymmetric key parser 'x509' registered
[    1.182010] Block layer SCSI generic (bsg) driver version 0.4 loaded (major 249)
[    1.184787] io scheduler noop registered
[    1.186236] io scheduler deadline registered (default)
[    1.188141] io scheduler cfq registered
[    1.189745] pci_hotplug: PCI Hot Plug PCI Core version: 0.5
[    1.191775] pciehp: PCI Express Hot Plug Controller Driver version: 0.4
[    1.194106] ACPI: AC Adapter [AC] (off-line)
[    1.195782] input: Power Button as /devices/LNXSYSTM:00/LNXPWRBN:00/input/input0
[    1.198115] ACPI: Power Button [PWRF]
[    1.199273] input: Sleep Button as /devices/LNXSYSTM:00/LNXSLPBN:00/input/input1
[    1.201170] ACPI: Sleep Button [SLPF]
[    1.203273] ACPI: Battery Slot [BAT0] (battery present)
[    1.204627] GHES: HEST is not enabled!
[    1.205844] Serial: 8250/16550 driver, 32 ports, IRQ sharing enabled
 	
 !"#$%&'()*+,-./0123456789:;<=>?@ABCDEFGHIJKLMNOPQRSTUVWXYZ[\]^_`abcdefghijklmnopqrstuvwxyz{|}~ÄÅÇÉÑÖÜáàâäãåçéèêëíìîïñóòôöõúùûü†°¢£§•¶ß®©™´¨≠ÆØ∞±≤≥¥µ∂∑∏π∫ªºΩæø¿¡¬√ƒ≈∆«»… ÀÃÕŒœ–—“”‘’÷◊ÿŸ⁄€‹›ﬁﬂ‡·‚„‰ÂÊÁËÈÍÎÏÌÓÔÒÚÛÙıˆ˜¯˘˙˚¸˝˛ˇ[    1.230544] 00:02: ttyS0 at I/O 0x3f8 (irq = 4, base_baud = 115200) is a 16550A
[    1.234064] Linux agpgart interface v0.103
[    1.238140] loop: module loaded
[    1.239940] scsi host0: ata_piix
[    1.241018] scsi host1: ata_piix
[    1.242000] ata1: PATA max UDMA/33 cmd 0x1f0 ctl 0x3f6 bmdma 0xd000 irq 14
[    1.243527] ata2: PATA max UDMA/33 cmd 0x170 ctl 0x376 bmdma 0xd008 irq 15
[    1.245213] libphy: Fixed MDIO Bus: probed
[    1.246303] tun: Universal TUN/TAP device driver, 1.6
[    1.247735] tun: (C) 1999-2004 Max Krasnyansky <maxk@qualcomm.com>
[    1.249458] PPP generic driver version 2.4.2
[    1.250749] ehci_hcd: USB 2.0 'Enhanced' Host Controller (EHCI) Driver
[    1.252597] ehci-pci: EHCI PCI platform driver
[    1.254009] ehci-platform: EHCI generic platform driver
[    1.256609] ohci_hcd: USB 1.1 'Open' Host Controller (OHCI) Driver
[    1.258670] ohci-pci: OHCI PCI platform driver
[    1.260234] ohci-platform: OHCI generic platform driver
[    1.261948] uhci_hcd: USB Universal Host Controller Interface driver
[    1.265568] i8042: PNP: PS/2 Controller [PNP0303:PS2K,PNP0f03:PS2M] at 0x60,0x64 irq 1,12
[    1.269107] serio: i8042 KBD port at 0x60,0x64 irq 1
[    1.270730] serio: i8042 AUX port at 0x60,0x64 irq 12
[    1.272551] mousedev: PS/2 mouse device common for all mice
[    1.274935] input: AT Translated Set 2 keyboard as /devices/platform/i8042/serio0/input/input2
[    1.277957] rtc_cmos rtc_cmos: rtc core: registered rtc_cmos as rtc0
[    1.279550] rtc_cmos rtc_cmos: alarms up to one day, 114 bytes nvram
[    1.280933] i2c /dev entries driver
[    1.281953] device-mapper: uevent: version 1.0.3
[    1.283318] device-mapper: ioctl: 4.34.0-ioctl (2015-10-28) initialised: dm-devel@redhat.com
[    1.285442] ledtrig-cpu: registered to indicate activity on CPUs
[    1.287365] NET: Registered protocol family 10
[    1.288914] NET: Registered protocol family 17
[    1.290239] Key type dns_resolver registered
[    1.292010] registered taskstats version 1
[    1.293255] Loading compiled-in X.509 certificates
[    1.295102] Loaded X.509 cert 'Build time autogenerated kernel key: 0ed82eac04367aa6426493b1389455ebf6830eaa'
[    1.297293] zswap: loaded using pool lzo/zbud
[    1.301422] Key type trusted registered
[    1.308639] Key type encrypted registered
[    1.309873] AppArmor: AppArmor sha1 policy hashing enabled
[    1.311336] ima: No TPM chip found, activating TPM-bypass!
[    1.312621] ima: Allocated hash algorithm: sha1
[    1.313770] evm: HMAC attrs: 0x1
[    1.315230]   Magic number: 7:805:116
[    1.316303] rtc_cmos rtc_cmos: setting system clock to 2019-10-13 07:08:00 UTC (1570950480)
[    1.318750] BIOS EDD facility v0.16 2004-Jun-25, 0 devices found
[    1.320013] EDD information not available.
[    1.400812] Freeing unused kernel memory: 1484K
[    1.402427] Write protecting the kernel read-only data: 14336k
[    1.405060] Freeing unused kernel memory: 1608K
[    1.406920] Freeing unused kernel memory: 64K
Loading, please wait...
starting version 229
[    1.430863] random: systemd-udevd: uninitialized urandom read (16 bytes read, 3 bits of entropy available)
[    1.431988] random: udevadm: uninitialized urandom read (16 bytes read, 3 bits of entropy available)
[    1.432028] random: udevadm: uninitialized urandom read (16 bytes read, 3 bits of entropy available)
[    1.441235] random: systemd-udevd: uninitialized urandom read (16 bytes read, 3 bits of entropy available)
[    1.444419] random: systemd-udevd: uninitialized urandom read (16 bytes read, 3 bits of entropy available)
[    1.447513] random: systemd-udevd: uninitialized urandom read (16 bytes read, 3 bits of entropy available)
[    1.447815] random: udevadm: uninitialized urandom read (16 bytes read, 3 bits of entropy available)
[    1.447900] random: udevadm: uninitialized urandom read (16 bytes read, 3 bits of entropy available)
[    1.448158] random: udevadm: uninitialized urandom read (16 bytes read, 3 bits of entropy available)
[    1.448253] random: udevadm: uninitialized urandom read (16 bytes read, 3 bits of entropy available)
[    1.514035] Fusion MPT base driver 3.04.20
[    1.517342] Copyright (c) 1999-2008 LSI Corporation
[    1.537558] e1000: Intel(R) PRO/1000 Network Driver - version 7.3.21-k8-NAPI
[    1.539851] e1000: Copyright (c) 1999-2006 Intel Corporation.
[    1.563362] Fusion MPT SPI Host driver 3.04.20
[    1.568011] AVX2 version of gcm_enc/dec engaged.
[    1.569846] AES CTR mode by8 optimization enabled
[    1.737122] input: ImExPS/2 Generic Explorer Mouse as /devices/platform/i8042/serio1/input/input4
[    1.940602] e1000 0000:00:03.0 eth0: (PCI:33MHz:32-bit) 02:0e:9b:2d:5b:92
[    1.942502] e1000 0000:00:03.0 eth0: Intel(R) PRO/1000 Network Connection
[    2.312220] e1000 0000:00:08.0 eth1: (PCI:33MHz:32-bit) 08:00:27:1b:b7:3f
[    2.314345] e1000 0000:00:08.0 eth1: Intel(R) PRO/1000 Network Connection
[    2.317291] mptbase: ioc0: Initiating bringup
[    2.317449] e1000 0000:00:03.0 enp0s3: renamed from eth0
[    2.327313] e1000 0000:00:08.0 enp0s8: renamed from eth1
[    2.388129] ioc0: LSI53C1030 A0: Capabilities={Initiator}
[    2.980027] scsi host2: ioc0: LSI53C1030 A0, FwRev=00000000h, Ports=1, MaxQ=256, IRQ=20
[    3.527517] scsi 2:0:0:0: Direct-Access     VBOX     HARDDISK         1.0  PQ: 0 ANSI: 5
[    3.530279] scsi target2:0:0: Beginning Domain Validation
[    3.533278] scsi target2:0:0: Domain Validation skipping write tests
[    3.534641] scsi target2:0:0: Ending Domain Validation
[    3.535919] scsi target2:0:0: asynchronous
[    3.540187] scsi 2:0:1:0: Direct-Access     VBOX     HARDDISK         1.0  PQ: 0 ANSI: 5
[    3.561791] scsi target2:0:1: Beginning Domain Validation
[    3.564745] scsi target2:0:1: Domain Validation skipping write tests
[    3.568255] scsi target2:0:1: Ending Domain Validation
[    3.570344] scsi target2:0:1: asynchronous
[    3.580025] sd 2:0:0:0: Attached scsi generic sg0 type 0
[    3.581653] sd 2:0:0:0: [sda] 20971520 512-byte logical blocks: (10.7 GB/10.0 GiB)
[    3.592046] sd 2:0:1:0: [sdb] 20480 512-byte logical blocks: (10.5 MB/10.0 MiB)
[    3.594461] sd 2:0:1:0: Attached scsi generic sg1 type 0
[    3.594559] sd 2:0:0:0: [sda] Write Protect is off
[    3.599701] sd 2:0:1:0: [sdb] Write Protect is off
[    3.599938] sd 2:0:0:0: [sda] Incomplete mode parameter data
[    3.599940] sd 2:0:0:0: [sda] Assuming drive cache: write through
[    3.613657] sd 2:0:1:0: [sdb] Incomplete mode parameter data
[    3.614817]  sda: sda1
[    3.615904] sd 2:0:0:0: [sda] Attached SCSI disk
[    3.619160] sd 2:0:1:0: [sdb] Assuming drive cache: write through
[    3.624981] sd 2:0:1:0: [sdb] Attached SCSI disk
Begin: Loading essential drivers ... [    5.102794] md: linear personality registered for level -1
[    5.107917] md: multipath personality registered for level -4
[    5.112959] md: raid0 personality registered for level 0
[    5.121207] md: raid1 personality registered for level 1
[    5.197874] raid6: sse2x1   gen()  7091 MB/s
[    5.266983] raid6: sse2x1   xor()  5270 MB/s
[    5.337870] raid6: sse2x2   gen()  9554 MB/s
[    5.413308] raid6: sse2x2   xor()  6635 MB/s
[    5.487832] raid6: sse2x4   gen() 11530 MB/s
[    5.557841] raid6: sse2x4   xor()  7561 MB/s
[    5.631718] raid6: avx2x1   gen() 14348 MB/s
[    5.701310] raid6: avx2x2   gen() 17744 MB/s
[    5.767914] raid6: avx2x4   gen() 18959 MB/s
[    5.769425] raid6: using algorithm avx2x4 gen() 18959 MB/s
[    5.770948] raid6: using avx2x2 recovery algorithm
[    5.774250] xor: automatically using best checksumming function:
[    5.814729]    avx       : 14460.000 MB/sec
[    5.819049] async_tx: api initialized (async)
[    5.838937] md: raid6 personality registered for level 6
[    5.840808] md: raid5 personality registered for level 5
[    5.842733] md: raid4 personality registered for level 4
[    5.856467] md: raid10 personality registered for level 10
done.
Begin: Running /scripts/init-premount ... done.
Begin: Mounting root file system ... Begin: Running /scripts/local-top ... done.
Begin: Running /scripts/local-premount ... [    5.915980] Btrfs loaded
Scanning for Btrfs filesystems
done.
Warning: fsck not present, so skipping root file system
[    5.953805] EXT4-fs (sda1): mounted filesystem with ordered data mode. Opts: (null)
done.
Begin: Running /scripts/local-bottom ... done.
Begin: Running /scripts/init-bottom ... done.
[    6.069634] systemd[1]: systemd 229 running in system mode. (+PAM +AUDIT +SELINUX +IMA +APPARMOR +SMACK +SYSVINIT +UTMP +LIBCRYPTSETUP +GCRYPT +GNUTLS +ACL +XZ -LZ4 +SECCOMP +BLKID +ELFUTILS +KMOD -IDN)
[    6.075732] systemd[1]: Detected virtualization oracle.
[    6.077489] systemd[1]: Detected architecture x86-64.

Welcome to [1mUbuntu 16.04.6 LTS[0m!

[    6.082556] systemd[1]: Set hostname to <ubuntu>.
[    6.086049] systemd[1]: Initializing machine ID from random generator.
[    6.088083] systemd[1]: Installed transient /etc/machine-id file.
[    6.303135] systemd[1]: Reached target User and Group Name Lookups.
[[0;32m  OK  [0m] Reached target User and Group Name Lookups.
[    6.307316] systemd[1]: Listening on LVM2 metadata daemon socket.
[[0;32m  OK  [0m] Listening on LVM2 metadata daemon socket.
[    6.311322] systemd[1]: Set up automount Arbitrary Executable File Formats File System Automount Point.
[[0;32m  OK  [0m] Set up automount Arbitrary Executab...ats File System Automount Point.
[    6.316632] systemd[1]: Listening on udev Kernel Socket.
[[0;32m  OK  [0m] Listening on udev Kernel Socket.
[    6.320040] systemd[1]: Listening on Journal Socket (/dev/log).
[[0;32m  OK  [0m] Listening on Journal Socket (/dev/log).
[    6.324157] systemd[1]: Created slice System Slice.
[[0;32m  OK  [0m] Created slice System Slice.
[    6.327830] systemd[1]: Created slice system-serial\x2dgetty.slice.
[[0;32m  OK  [0m] Created slice system-serial\x2dgetty.slice.
[    6.331580] systemd[1]: Listening on Journal Socket.
[[0;32m  OK  [0m] Listening on Journal Socket.
[    6.347049] systemd[1]: Starting Load Kernel Modules...
         Starting Load Kernel Modules...
[    6.350269] systemd[1]: Listening on /dev/initctl Compatibility Named Pipe.
[[0;32m  OK  [0m] Listening on /dev/initctl Compatibility Named Pipe.
[    6.355828] systemd[1]: Listening on LVM2 poll daemon socket.
[[0;32m  OK  [0m] Listening on LVM2 poll daemon socket.
[    6.360034] systemd[1]: Created slice User and Session Slice.
[[0;32m  OK  [0m] Created slice User and Session Slice.
[    6.363572] Loading iSCSI transport class v2.0-870.
[    6.364860] systemd[1]: Starting Create list of required static device nodes for the current kernel...
         Starting Create list of required st... nodes for the current kernel...
[    6.369922] systemd[1]: Reached target System Time Synchronized.
[[0;32m  OK  [0m] Reached target System Time Synchronized.
[    6.373720] systemd[1]: Listening on Device-mapper event daemon FIFOs.
[[0;32m  OK  [0m] Listening on Device-mapper event daemon FIFOs.
[    6.378995] systemd[1]: Starting Monitoring of LVM2 mirrors, snapshots etc. using dmeventd or progress polling...
         Starting Monitoring of LVM2 mirrors... dmeventd or progress polling...
[    6.385101] iscsi: registered transport (tcp)
[    6.385665] systemd[1]: Starting Set console keymap...
         Starting Set console keymap...
[    6.389820] systemd[1]: Reached target Slices.
[[0;32m  OK  [0m] Reached target Slices.
[    6.395404] systemd[1]: Mounting POSIX Message Queue File System...
         Mounting POSIX Message Queue File System...
[    6.400375] systemd[1]: Starting Uncomplicated firewall...
         Starting Uncomplicated firewall...
[    6.414207] systemd[1]: Started Forward Password Requests to Wall Directory Watch.
[[0;32m  OK  [0m] Started Forward Password Requests to Wall Directory Watch.
[    6.421592] systemd[1]: Reached target Encrypted Volumes.
[[0;32m  OK  [0m] Reached target Encrypted Volumes.
[    6.425085] systemd[1]: Listening on Journal Audit Socket.
[[0;32m  OK  [0m] Listening on Journal Audit Socket.
[    6.428500] systemd[1]: Listening on Syslog Socket.
[[0;32m  OK  [0m] Listening on Syslog Socket.
[    6.451022] systemd[1]: Starting Journal Service...
         Starting Journal Service...
[    6.453999] systemd[1]: Started Trigger resolvconf update for networkd DNS.
[[0;32m  OK  [0m] Started Trigger resolvconf update for networkd DNS.
[    6.457742] iscsi: registered transport (iser)
[    6.458856] systemd[1]: Mounting Debug File System...
         Mounting Debug File System...
[    6.463545] systemd[1]: Starting Remount Root and Kernel File Systems...
         Starting Remount Root and Kernel File Systems...
[    6.469659] systemd[1]: Starting Nameserver information manager...
         Starting Nameserver information manager...
[    6.476988] systemd[1]: Reached target Swap.
[[    6.478954] EXT4-fs (sda1): re-mounted. Opts: (null)
[0;32m  OK  [0m] Reached target Swap.
[    6.482057] systemd[1]: Mounting Huge Pages File System...
         Mounting Huge Pages File System...
[    6.485347] systemd[1]: Listening on udev Control Socket.
[[0;32m  OK  [0m] Listening on udev Control Socket.
[    6.491950] systemd[1]: Mounted POSIX Message Queue File System.
[[0;32m  OK  [0m] Mounted POSIX Message Queue File System.
[    6.496919] systemd[1]: Mounted Debug File System.
[[0;32m  OK  [0m] Mounted Debug File System.
[    6.500210] systemd[1]: Mounted Huge Pages File System.
[[0;32m  OK  [0m] Mounted Huge Pages File System.
[    6.503671] systemd[1]: Started Journal Service.
[[0;32m  OK  [0m] Started Journal Service.
[[0;32m  OK  [0m] Started Load Kernel Modules.
[[0;32m  OK  [0m] Started Create list of required sta...ce nodes for the current kernel.
[[0;32m  OK  [0m] Started Set console keymap.
[[0;32m  OK  [0m] Started Uncomplicated firewall.
[[0;32m  OK  [0m] Started Remount Root and Kernel File Systems.
[    6.539565] random: nonblocking pool is initialized
[[0;32m  OK  [0m] Started Nameserver information manager.
[[0;32m  OK  [0m] Started LVM2 metadata daemon.
         Starting Load/Save Random Seed...
         Starting udev Coldplug all Devices...
         Starting Create Static Device Nodes in /dev...
         Starting Apply Kernel Variables...
         Mounting FUSE Control File System...
         Starting Flush Journal to Persistent Storage...
[[0;32m  OK  [0m] Started Load/Save Random Seed.
[[0;32m  OK  [0m] Mounted FUSE Control File System.
[[0;32m  OK  [0m] Started Apply Kernel Variables.
[[0;32m  OK  [0m] Started Flush Journal to Persistent Storage.
[[0;32m  OK  [0m] Started Create Static Device Nodes in /dev.
         Starting udev Kernel Device Manager...
[[0;32m  OK  [0m] Started udev Coldplug all Devices.
[[0;32m  OK  [0m] Started udev Kernel Device Manager.
[[0;32m  OK  [0m] Started Dispatch Password Requests to Console Directory Watch.
[[0;32m  OK  [0m] Started Monitoring of LVM2 mirrors,...ng dmeventd or progress polling.
[[0;32m  OK  [0m] Reached target Local File Systems (Pre).
[[0;32m  OK  [0m] Reached target Local File Systems.
         Starting Commit a transient machine-id on disk...
         Starting Initial cloud-init job (pre-networking)...
         Starting Tell Plymouth To Write Out Runtime Data...
         Starting LSB: AppArmor initialization...
         Starting Set console font and keymap...
         Starting Create Volatile Files and Directories...
[[0;32m  OK  [0m] Started Tell Plymouth To Write Out Runtime Data.
[[0;32m  OK  [0m] Started Commit a transient machine-id on disk.
[[0;32m  OK  [0m] Started Create Volatile Files and Directories.
[[0;32m  OK  [0m] Found device /dev/ttyS0.
         Starting Update UTMP about System Boot/Shutdown...
[[0;32m  OK  [0m] Started Update UTMP about System Boot/Shutdown.
[[0;32m  OK  [0m] Listening on Load/Save RF Kill Switch Status /dev/rfkill Watch.
[    8.229370] cloud-init[502]: Cloud-init v. 19.2-36-g059d049c-0ubuntu1~16.04.1 running 'init-local' at Sun, 13 Oct 2019 07:08:07 +0000. Up 7.61 seconds.
[[0;32m  OK  [0m] Started LSB: AppArmor initialization.
[[0;32m  OK  [0m] Started Initial cloud-init job (pre-networking).
[[0;32m  OK  [0m] Reached target Network (Pre).
         Starting Raise network interfaces...
[[0;32m  OK  [0m] Started Set console font and keymap.
[[0;32m  OK  [0m] Created slice system-getty.slice.
[[0;32m  OK  [0m] Started Raise network interfaces.
         Starting Initial cloud-init job (metadata service crawler)...
[[0;32m  OK  [0m] Reached target Network.
[   10.958518] cloud-init[962]: Cloud-init v. 19.2-36-g059d049c-0ubuntu1~16.04.1 running 'init' at Sun, 13 Oct 2019 07:08:09 +0000. Up 9.65 seconds.
[   10.961448] cloud-init[962]: ci-info: ++++++++++++++++++++++++++++++++++++++Net device info++++++++++++++++++++++++++++++++++++++
[   10.964285] cloud-init[962]: ci-info: +--------+-------+---------------------------+---------------+--------+-------------------+
[   10.967156] cloud-init[962]: ci-info: | Device |   Up  |          Address          |      Mask     | Scope  |     Hw-Address    |
[   10.969884] cloud-init[962]: ci-info: +--------+-------+---------------------------+---------------+--------+-------------------+
[   10.972652] cloud-init[962]: ci-info: | enp0s3 |  True |         10.0.2.15         | 255.255.255.0 | global | 02:0e:9b:2d:5b:92 |
[   10.975182] cloud-init[962]: ci-info: | enp0s3 |  True | fe80::e:9bff:fe2d:5b92/64 |       .       |  link  | 02:0e:9b:2d:5b:92 |
[   10.977847] cloud-init[962]: ci-info: | enp0s8 | False |             .             |       .       |   .    | 08:00:27:1b:b7:3f |
[   10.980613] cloud-init[962]: ci-info: |   lo   |  True |         127.0.0.1         |   255.0.0.0   |  host  |         .         |
[   10.983199] cloud-init[962]: ci-info: |   lo   |  True |          ::1/128          |       .       |  host  |         .         |
[   10.985959] cloud-init[962]: ci-info: +--------+-------+---------------------------+---------------+--------+-------------------+
[   10.988628] cloud-init[962]: ci-info: +++++++++++++++++++++++++++Route IPv4 info++++++++++++++++++++++++++++
[   10.991009] cloud-init[962]: ci-info: +-------+-------------+----------+---------------+-----------+-------+
[   10.993434] cloud-init[962]: ci-info: | Route | Destination | Gateway  |    Genmask    | Interface | Flags |
[   10.995955] cloud-init[962]: ci-info: +-------+-------------+----------+---------------+-----------+-------+
[   10.998472] cloud-init[962]: ci-info: |   0   |   0.0.0.0   | 10.0.2.2 |    0.0.0.0    |   enp0s3  |   UG  |
[   11.001088] cloud-init[962]: ci-info: |   1   |   10.0.2.0  | 0.0.0.0  | 255.255.255.0 |   enp0s3  |   U   |
[   11.003703] cloud-init[962]: ci-info: +-------+-------------+----------+---------------+-----------+-------+
[   11.012615] cloud-init[962]: ci-info: +++++++++++++++++++Route IPv6 info+++++++++++++++++++
[   11.014837] cloud-init[962]: ci-info: +-------+-------------+---------+-----------+-------+
[   11.017046] cloud-init[962]: ci-info: | Route | Destination | Gateway | Interface | Flags |
[   11.019219] cloud-init[962]: ci-info: +-------+-------------+---------+-----------+-------+
[   11.021357] cloud-init[962]: ci-info: |   0   |  fe80::/64  |    ::   |   enp0s3  |   U   |
[   11.023539] cloud-init[962]: ci-info: |   3   |   ff00::/8  |    ::   |   enp0s3  |   U   |
[   11.025645] cloud-init[962]: ci-info: +-------+-------------+---------+-----------+-------+
[   11.027910] cloud-init[962]: Generating public/private rsa key pair.
[   11.029911] cloud-init[962]: Your identification has been saved in /etc/ssh/ssh_host_rsa_key.
[   11.032238] cloud-init[962]: Your public key has been saved in /etc/ssh/ssh_host_rsa_key.pub.
[   11.034341] cloud-init[962]: The key fingerprint is:
[   11.035832] cloud-init[962]: SHA256://jBZM9NLgb591/TVI0DE8bcraJyUzeVAK/nZv/qSiE root@ubuntu-xenial
[   11.038188] cloud-init[962]: The key's randomart image is:
[   11.039822] cloud-init[962]: +---[RSA 2048]----+
[   11.041218] cloud-init[962]: |           +*+...|
[   11.042545] cloud-init[962]: |           .+o.o+|
[   11.043930] cloud-init[962]: |             .ooo|
[   11.045398] cloud-init[962]: |            +.+..|
[   11.046878] cloud-init[962]: |        S E+*+ .o|
[   11.048267] cloud-init[962]: |        ..+=o* =.|
[   11.049497] cloud-init[962]: |         o..++*.*|
[   11.050904] cloud-init[962]: |           +oo.o+|
[   11.052306] cloud-init[962]: |          ..+ooo*|
[   11.053661] cloud-init[962]: +----[SHA256]-----+
[   11.055097] cloud-init[962]: Generating public/private dsa key pair.
[   11.056866] cloud-init[962]: Your identification has been saved in /etc/ssh/ssh_host_dsa_key.
[   11.064472] cloud-init[962]: Your public key has been saved in /etc/ssh/ssh_host_dsa_key.pub.
[   11.066381] cloud-init[962]: The key fingerprint is:
[   11.068075] cloud-init[962]: SHA256:CWadsMl3KCHaxM8UBmkfav9RGyZHlZU/PPd5E+xGv0M root@ubuntu-xenial
[   11.070683] cloud-init[962]: The key's randomart image is:
[   11.072517] cloud-init[962]: +---[DSA 1024]----+
[   11.074119] cloud-init[962]: |   .+o=.   ..o.. |
[   11.075791] cloud-init[962]: |   +++o* o. . .  |
[   11.077398] cloud-init[962]: |  ...*O.=..   o. |
[   11.078892] cloud-init[962]: |    oo++.o=    Bo|
[   11.080696] cloud-init[962]: |   . .  S= o  o O|
[   11.082612] cloud-init[962]: |      . . .    E+|
[   11.084310] cloud-init[962]: |       . .    o +|
[   11.086086] cloud-init[962]: |        .      o |
[   11.087739] cloud-init[962]: |                .|
[   11.089312] cloud-init[962]: +----[SHA256]-----+
[   11.090918] cloud-init[962]: Generating public/private ecdsa key pair.
[   11.092773] cloud-init[962]: Your identification has been saved in /etc/ssh/ssh_host_ecdsa_key.
[   11.095100] cloud-init[962]: Your public key has been saved in /etc/ssh/ssh_host_ecdsa_key.pub.
[   11.097343] cloud-init[962]: The key fingerprint is:
[   11.099258] cloud-init[962]: SHA256:wEbl+gIqXzF86bBMvT4k8ii5jIOPQcvNnW56WUMiXJ4 root@ubuntu-xenial
[   11.101592] cloud-init[962]: The key's randomart image is:
[   11.103149] cloud-init[962]: +---[ECDSA 256]---+
[   11.104926] cloud-init[962]: |      ...        |
[   11.106572] cloud-init[962]: |     + .         |
[   11.108275] cloud-init[962]: |  . o = .        |
[   11.110040] cloud-init[962]: |   + E =         |
[   11.115310] cloud-init[962]: | .  O B S        |
[   11.116821] cloud-init[962]: |o =+oOo=         |
[   11.118300] cloud-init[962]: |++.*+=* o        |
[   11.119625] cloud-init[962]: |B=..o=..         |
[   11.121094] cloud-init[962]: |+*o.+...         |
[   11.122560] cloud-init[962]: +----[SHA256]-----+
[   11.124041] cloud-init[962]: Generating public/private ed25519 key pair.
[   11.126012] cloud-init[962]: Your identification has been saved in /etc/ssh/ssh_host_ed25519_key.
[   11.128411] cloud-init[962]: Your public key has been saved in /etc/ssh/ssh_host_ed25519_key.pub.
[   11.130688] cloud-init[962]: The key fingerprint is:
[   11.132191] cloud-init[962]: SHA256:GlzIGK7P9Z16I11lXDqQMRLqJ4hEXRxANycWehLCwTI root@ubuntu-xenial
[   11.134478] cloud-init[962]: The key's randomart image is:
[   11.136109] cloud-init[962]: +--[ED25519 256]--+
[   11.137568] cloud-init[962]: |   o=+++Oo+.oo   |
[   11.144411] cloud-init[962]: |  Eoo=.*.= .o.  .|
[   11.144672] cloud-init[962]: |   o+ = +    o o |
[   11.145586] cloud-init[962]: |   o o *      *  |
[   11.146355] cloud-init[962]: |  . . = S .  o . |
[   11.147186] cloud-init[962]: |   o . + + ..    |
[   11.147941] cloud-init[962]: |    o . ..o.     |
[   11.149249] cloud-init[962]: |        ..+      |
[   11.149731] cloud-init[962]: |        .o .     |
[   11.150540] cloud-init[962]: +----[SHA256]-----+
[[0;32m  OK  [0m] Started Initial cloud-init job (metadata service crawler).
[[0;32m  OK  [0m] Reached target System Initialization.
[[0;32m  OK  [0m] Started Daily Cleanup of Temporary Directories.
         Starting LXD - unix socket.
[[0;32m  OK  [0m] Started Daily apt download activities.
[[0;32m  OK  [0m] Listening on D-Bus System Message Bus Socket.
         Starting Socket activation for snappy daemon.
[[0;32m  OK  [0m] Listening on UUID daemon activation socket.
[[0;32m  OK  [0m] Started ACPI Events Check.
[[0;32m  OK  [0m] Reached target Paths.
[[0;32m  OK  [0m] Listening on ACPID Listen Socket.
[[0;32m  OK  [0m] Started Daily apt upgrade and clean activities.
[[0;32m  OK  [0m] Reached target Timers.
[[0;32m  OK  [0m] Reached target Cloud-config availability.
[[0;32m  OK  [0m] Reached target Network is Online.
         Starting iSCSI initiator daemon (iscsid)...
[[0;32m  OK  [0m] Listening on LXD - unix socket.
[[0;32m  OK  [0m] Listening on Socket activation for snappy daemon.
[[0;32m  OK  [0m] Reached target Sockets.
[[0;32m  OK  [0m] Reached target Basic System.
         Starting LSB: MD monitoring daemon...
[[0;32m  OK  [0m] Started ACPI event daemon.
         Starting Pollinate to seed the pseudo random number generator...
         Starting Virtualbox guest utils...
[[0;32m  OK  [0m] Started D-Bus System Message Bus.
[[0;32m  OK  [0m] Started Deferred execution scheduler.
         Starting /etc/rc.local Compatibility...
[[0;32m  OK  [0m] Started FUSE filesystem for LXC.
         Starting LXD - container startup/shutdown...
         Starting Accounts Service...
         Starting System Logging Service...
         Starting LSB: Record successful boot for GRUB...
         Starting Login Service...
         Starting Snappy daemon...
[[0;32m  OK  [0m] Started Regular background program processing daemon.
[[0;32m  OK  [0m] Started iSCSI initiator daemon (iscsid).
[[0;32m  OK  [0m] Started /etc/rc.local Compatibility.
[[0;32m  OK  [0m] Started LSB: MD monitoring daemon.
[[0;32m  OK  [0m] Started System Logging Service.
[[0;32m  OK  [0m] Started Login Service.
[[0;32m  OK  [0m] Started Unattended Upgrades Shutdown.
         Starting Authenticate and Authorize Users to Run Privileged Tasks...
         Starting Login to default iSCSI targets...
[[0;32m  OK  [0m] Started LSB: Record successful boot for GRUB.
[[0;32m  OK  [0m] Started LXD - container startup/shutdown.
[[0;32m  OK  [0m] Started Login to default iSCSI targets.
[[0;32m  OK  [0m] Reached target Remote File Systems (Pre).
[[0;32m  OK  [0m] Reached target Remote File Systems.
         Starting LSB: daemon to balance interrupts for SMP systems...
         Starting LSB: Set the CPU Frequency Scaling governor to "ondemand"...
         Starting Permit User Sessions...
         Starting LSB: automatic crash report generation...
[[0;32m  OK  [0m] Started Authenticate and Authorize Users to Run Privileged Tasks.
[[0;32m  OK  [0m] Started Accounts Service.
[[0;32m  OK  [0m] Started Permit User Sessions.
         Starting Hold until boot process finishes up...
         Starting Terminate Plymouth Boot Screen...
[[0;32m  OK  [0m] Started LSB: Set the CPU Frequency Scaling governor to "ondemand".
[[0;32m  OK  [0m] Started LSB: automatic crash report generation.
[[0;32m  OK  [0m] Started Hold until boot process finishes up.
[[0;32m  OK  [0m] Started Terminate Plymouth Boot Screen.
[[0;32m  OK  [0m] Started Getty on tty1.
[[0;32m  OK  [0m] Started Serial Getty on ttyS0.
[[0;32m  OK  [0m] Reached target Login Prompts.
         Starting Set console scheme...
[[0;32m  OK  [0m] Started Virtualbox guest utils.
[[0;32m  OK  [0m] Started LSB: daemon to balance interrupts for SMP systems.
[[0;32m  OK  [0m] Started Set console scheme.
[[0;32m  OK  [0m] Started Snappy daemon.
         Starting Wait until snapd is fully seeded...
[[0;32m  OK  [0m] Started Pollinate to seed the pseudo random number generator.
         Starting OpenBSD Secure Shell server...
[[0;32m  OK  [0m] Started OpenBSD Secure Shell server.
[[0;32m  OK  [0m] Created slice User Slice of vagrant.
[[0;32m  OK  [0m] Started Session 1 of user vagrant.
         Starting User Manager for UID 1000...
[[0;32m  OK  [0m] Started User Manager for UID 1000.
[[0;32m  OK  [0m] Started Wait until snapd is fully seeded.
[[0;32m  OK  [0m] Reached target Multi-User System.
[[0;32m  OK  [0m] Reached target Graphical Interface.
         Starting Update UTMP about System Runlevel Changes...
         Starting Apply the settings specified in cloud-config...
[[0;32m  OK  [0m] Started Update UTMP about System Runlevel Changes.
[   13.933556] cloud-init[1389]: Generating locales (this might take a while)...
[   14.919091] cloud-init[1389]:   en_US.UTF-8... done
[   14.921216] cloud-init[1389]: Generation complete.
[   15.271043] cloud-init[1389]: Cloud-init v. 19.2-36-g059d049c-0ubuntu1~16.04.1 running 'modules:config' at Sun, 13 Oct 2019 07:08:13 +0000. Up 13.78 seconds.
[[0;32m  OK  [0m] Started Apply the settings specified in cloud-config.
         Starting Execute cloud user/final scripts...
         Starting Hostname Service...
[[0;32m  OK  [0m] Started Hostname Service.
ci-info: no authorized ssh keys fingerprints found for user ubuntu.
<14>Oct 13 07:08:15 ec2: 
<14>Oct 13 07:08:15 ec2: #############################################################
<14>Oct 13 07:08:15 ec2: -----BEGIN SSH HOST KEY FINGERPRINTS-----
<14>Oct 13 07:08:15 ec2: 1024 SHA256:CWadsMl3KCHaxM8UBmkfav9RGyZHlZU/PPd5E+xGv0M root@ubuntu-xenial (DSA)
<14>Oct 13 07:08:15 ec2: 256 SHA256:wEbl+gIqXzF86bBMvT4k8ii5jIOPQcvNnW56WUMiXJ4 root@ubuntu-xenial (ECDSA)
<14>Oct 13 07:08:15 ec2: 256 SHA256:GlzIGK7P9Z16I11lXDqQMRLqJ4hEXRxANycWehLCwTI root@ubuntu-xenial (ED25519)
<14>Oct 13 07:08:15 ec2: 2048 SHA256://jBZM9NLgb591/TVI0DE8bcraJyUzeVAK/nZv/qSiE root@ubuntu-xenial (RSA)
<14>Oct 13 07:08:15 ec2: -----END SSH HOST KEY FINGERPRINTS-----
<14>Oct 13 07:08:15 ec2: #############################################################
-----BEGIN SSH HOST KEY KEYS-----
ecdsa-sha2-nistp256 AAAAE2VjZHNhLXNoYTItbmlzdHAyNTYAAAAIbmlzdHAyNTYAAABBBFHcZuTNvg3HbBFcftaZulCmUks79kLrenFpqIrxLjU2T7iz1a1ohVVst9ZfeYDTiZ1tsUjHLpK90NLNwIGVFVs= root@ubuntu-xenial
ssh-ed25519 AAAAC3NzaC1lZDI1NTE5AAAAIHW/zwgoRYw5nEV4fm85ba368bIGTSlUJsDKtTQJBuxB root@ubuntu-xenial
ssh-rsa AAAAB3NzaC1yc2EAAAADAQABAAABAQC+ilh92ZfFqa6YPGe1g33r4O3l/EjHbJU/XfuVy2/7p62deTeyXwBU/X3FPMhhfu2KMapOBv+64I22uQmY6RL9aU+xp0rIw8va15pwVeSlheTRo++fvVDRn6j1FJ/u2QsjSukXgme17KS9k/sLzyjeJ4Cvhr8f1n7dSeaEc6mFuqpKe/pyZ1VFKINyRuR8n+Q+XEcoXi8eKcwov38Nlz16hfLey8M1BgRLsfaOa8eNeHSjfm4YaBl2p9O9C+rVU+2AwMRSL2ImrBhwyffABdutrJgeDcvMV08gYfKJ2mKC8DtNIXvFO8kfcvkXEicWm3xF7qlLbsvkuzbDt+hBGDnj root@ubuntu-xenial
-----END SSH HOST KEY KEYS-----
[   15.818445] cloud-init[1527]: Cloud-init v. 19.2-36-g059d049c-0ubuntu1~16.04.1 running 'modules:final' at Sun, 13 Oct 2019 07:08:15 +0000. Up 15.65 seconds.
[   15.828596] cloud-init[1527]: ci-info: no authorized ssh keys fingerprints found for user ubuntu.
[   15.830784] cloud-init[1527]: Cloud-init v. 19.2-36-g059d049c-0ubuntu1~16.04.1 finished at Sun, 13 Oct 2019 07:08:15 +0000. Datasource DataSourceNoCloud [seed=/dev/sdb][dsmode=net].  Up 15.80 seconds
[[0;32m  OK  [0m] Started Execute cloud user/final scripts.
[[0;32m  OK  [0m] Reached target Cloud-init target.

Ubuntu 16.04.6 LTS web ttyS0

web login: 